BIZ-00097	BDAUEU5WDETAe2TVPuuuTb	2026-08-06T04:47:56.815Z	keep=eFN65nnqJfF7xRsaouhCBx
BIZ-00095	brSbKkDKWLebXtYWTRX5E1	2026-08-06T04:47:53.230Z	keep=kEVeZtnofyVsUeHoZyk5i6
BIZ-00025	gysc8RYJE3vXBBy9nS8R1q	2026-08-06T04:47:13.248Z	keep=sar9Gq3rHXqWrZCFCcfzEv
BIZ-00023	6UqB5P4EKD74Uo3vagr7U2	2026-08-06T04:47:09.179Z	keep=1KXKCTcuvnd7SLFFvVRj1E
BIZ-00021	353Fc1EurRtnkiRfhWCxjN	2026-08-06T04:47:04.293Z	keep=WKoUBf1hHTLGFVj3XmCsA9
BIZ-00017	XVp6qsQVsgzFZ2FLj5pJxJ	2026-08-06T04:47:00.117Z	keep=fj786LFUSco6qaDDbByVdj
BIZ-00013	z2WHaso7fj6bHCXN7yNFG6	2026-08-06T04:46:51.901Z	keep=G4BPoNfKgW2CqG3NBGviy8
BIZ-00009	2B8SvcymJKVYVow53Ahfv9	2026-08-06T04:46:43.447Z	keep=xLhXtKGXsxkPfWTiZc5nRU
BIZ-00001	37Z7oKUmXHiozmzTAwhhPZ	2026-08-06T04:46:36.576Z	keep=fF5c5M5GCMN2p48Ne8thoA
BIZ-00025	ToupfGFmCGVQX1EePdS8ok	2026-08-03T20:09:42.167Z	keep=sar9Gq3rHXqWrZCFCcfzEv
BIZ-00048	U51keNsF3rdzr2XBP4RUki	2026-08-02T07:18:18.635Z	keep=6tgAwzbrXRn24eDMx29aDA
BIZ-00036	PfA6gcjDK7VdhsKjrRt92j	2026-08-02T07:18:16.804Z	keep=BPy66g4qQTL2rvGdv3XJwf
BIZ-00089	VhdNM4YZiMEucNtDdypNCD	2026-08-02T07:03:00.657Z	keep=fE8s5Ti67gUnzoosxxB4xb
BIZ-00052	9TjBxShBLtt2oobyQ8q6Er	2026-08-02T07:02:56.599Z	keep=25Mg444295no5dHfyHCdyE
BIZ-00031	LEkKzqrwTTKnph3EcWrwAW	2026-08-02T07:02:47.778Z	keep=CkgxAjvrAhnTNwFJqhT19M
BIZ-00030	26dChqxdomCzsJ8tmdWQZB	2026-08-02T07:02:45.784Z	keep=J7omyi99nC4BUP7fMynDgj
BIZ-00028	W4iy4xu7YjuPUXPxrwiVZz	2026-08-02T07:02:43.781Z	keep=6ggSYfrzWZv7mp9C3Gn2ck
BIZ-00024	SAyhEjhFxgqGbx4QaNR5Gg	2026-08-02T07:02:41.898Z	keep=FXN5Y9QApZwzvWqQiaoqeq
BIZ-00023	5aTCTiPihaqXcNqTESxNHG	2026-08-02T07:02:39.870Z	keep=1KXKCTcuvnd7SLFFvVRj1E
BIZ-00022	cnQxWQAmoy9THHdx6vATjg	2026-08-02T07:02:38.092Z	keep=4P6ECG3jGnrk97uyBtPJT1
BIZ-00021	1kzdtbYU8mJ2yBEf2PhYuM	2026-08-02T07:02:36.042Z	keep=WKoUBf1hHTLGFVj3XmCsA9
BIZ-00018	A5Ybfc6JNByyq2B5X46vfy	2026-08-02T07:02:32.415Z	keep=KMdAVwXhU3Gf2jZfq18bYP
BIZ-00017	4bdbCM4NTng7kaZtC3AFNQ	2026-08-02T07:02:30.443Z	keep=fj786LFUSco6qaDDbByVdj
BIZ-00016	risEy7ZMExeT9o2fV6mdCy	2026-08-02T07:02:28.599Z	keep=8hCk3TmNePrwZuy1LJ9ADj
BIZ-00015	pEGHXPkwRY63gCGunWPKda	2026-08-02T07:02:26.653Z	keep=kPhFR4wAsgijTvp37N3Ye3
BIZ-00014	cQdznoS4M5h244Ezf4ek7f	2026-08-02T07:02:24.767Z	keep=iTWMXiGzFNHyEYpeKx2fCd
BIZ-00013	bVusBSGMzL45RbPKWcL2Kr	2026-08-02T07:02:22.896Z	keep=G4BPoNfKgW2CqG3NBGviy8
BIZ-00012	14rfmsXScXihMX1MvbHXuV	2026-08-02T07:02:21.037Z	keep=D5cePLKEwYWNBZgvbRqjxj
BIZ-00010	5mdKNSoFv11DzwP6HNt3ok	2026-08-02T07:02:19.193Z	keep=uutiGEk2RXjeGC1jSkTpwR
BIZ-00089	39agyzUtw49JKxHt3AxKbG	2026-08-02T06:53:59.567Z	keep=fE8s5Ti67gUnzoosxxB4xb
BIZ-00043	ig2ufRvHkXqTKWFvqXWyxC	2026-08-02T06:53:57.716Z	keep=BvyYeVKqsjfbWFypHY86Te
BIZ-00035	VyNh6V5fJ1FB7TkreDXAjC	2026-08-02T06:53:55.873Z	keep=USGyHJwyjLYRfA7DacPQZS
BIZ-00032	GjCAK9c2ecSFQJyWFQBt7C	2026-08-02T06:53:54.061Z	keep=86CuWs13GmW4qf4NApcDC5
BIZ-00027	eF9UhanwUGA3hQMtmYBdns	2026-08-02T06:53:51.933Z	keep=ErguBXJikEs2qvVKzrZS9A
BIZ-00025	vBfrV7QLXjiRXdLsp9Uqqo	2026-08-02T06:53:49.838Z	keep=sar9Gq3rHXqWrZCFCcfzEv
BIZ-00023	hwHt214es1pmRKkP5b6uFJ	2026-08-02T06:53:47.955Z	keep=1KXKCTcuvnd7SLFFvVRj1E
BIZ-00021	Bi9hi3zAmJGR35Y3K1spM8	2026-08-02T06:53:46.199Z	keep=WKoUBf1hHTLGFVj3XmCsA9
BIZ-00019	WBEPWMTv6WgJPyRVQMaxvN	2026-08-02T06:53:44.273Z	keep=eNpRppdoFQ7actqo6NBwAd
BIZ-00014	UaFJc9MpuRDmQFif4XhtXA	2026-08-02T06:53:42.120Z	keep=iTWMXiGzFNHyEYpeKx2fCd
BIZ-00010	8ChUTweZGxX16BXUhqzDDu	2026-08-02T06:53:39.916Z	keep=uutiGEk2RXjeGC1jSkTpwR
BIZ-00008	5nTXeSUnEnT1bs99N43MKD	2026-08-02T06:53:38.083Z	keep=pySzWCXHSzG2phddT6cD2h
BIZ-00007	Fsnx5RB9h2adSAdHdYskU4	2026-08-02T06:53:36.273Z	keep=Y2EaBSAGwvVnseaSDiog26
BIZ-00052	WNkt4EySrGcdSSmenYBpPN	2026-08-02T05:37:59.350Z	keep=25Mg444295no5dHfyHCdyE
BIZ-00005	1TxymXvMSdbPBCXyNcPM7P	2026-07-27T07:17:26.668Z	keep=LKzbiCxw8EC1GAS5q7wK4N
BIZ-00097	9jr88s1DuYJze395Gxdcv9	2026-07-27T07:11:45.846Z	keep=eFN65nnqJfF7xRsaouhCBx
BIZ-00096	okebf8dE2PnDduXUBEVmmo	2026-07-27T07:11:43.527Z	keep=s8LxnkLJin61Utd7cM5KmC
BIZ-00095	GgbWRtt7yN6UdJsvQoBiAn	2026-07-27T07:11:41.233Z	keep=kEVeZtnofyVsUeHoZyk5i6
BIZ-00094	tHPuHzBkAL8vHnkUREJk2Y	2026-07-27T07:11:39.124Z	keep=XBV8U4orz4gUp1fZgf9UUe
BIZ-00089	Jb8tE78rwhEsZwPUFAkzkL	2026-07-27T07:11:37.299Z	keep=fE8s5Ti67gUnzoosxxB4xb
BIZ-00052	ZbraemCZZtqqPdeT87fjN2	2026-07-27T07:11:35.512Z	keep=25Mg444295no5dHfyHCdyE
BIZ-00052	boZ2LGqF2PuUKQE6Jdv4ys	2026-07-27T07:11:33.727Z	keep=25Mg444295no5dHfyHCdyE
BIZ-00031	DMoujXnNfnhtrvqu1H6HT5	2026-07-27T07:11:31.628Z	keep=CkgxAjvrAhnTNwFJqhT19M
BIZ-00030	MMCT4cYdP3Dnvz2ykbGSej	2026-07-27T07:11:29.741Z	keep=J7omyi99nC4BUP7fMynDgj
BIZ-00019	hDjN8CpoPqp6aeLbLMNbLi	2026-07-27T07:11:27.186Z	keep=eNpRppdoFQ7actqo6NBwAd
BIZ-00017	Ab6HUKj7JoGoinyqftnW8F	2026-07-27T07:11:24.956Z	keep=fj786LFUSco6qaDDbByVdj
BIZ-00015	t674HHDmVN1D2ALoWs4of5	2026-07-27T07:11:22.905Z	keep=kPhFR4wAsgijTvp37N3Ye3
BIZ-00005	gNfemBUJWkmC6iMEmx3WGe	2026-07-27T07:11:20.782Z	keep=LKzbiCxw8EC1GAS5q7wK4N
BIZ-00074	tq5CLK4twRaDTGhevBAowk	2026-07-27T06:47:11.184Z	keep=MTdkvPuRxqNvZSuR3xLsXM
BIZ-00092	MxzTdmWeW1C5Sa1LcBdyYx	2026-07-27T06:42:03.426Z	keep=SfrrVmiGZQXyYWyUP5Shb4
BIZ-00089	gtyd7kuLNFB3XXKBr6emQd	2026-07-27T06:41:56.611Z	keep=fE8s5Ti67gUnzoosxxB4xb
BIZ-00086	Pn8rdHADBAtRcdcECmqzU9	2026-07-27T06:41:44.609Z	keep=D2QrrG4k7QkBmBq9ueG9QJ
BIZ-00034	oBYdyi5bNVS6zh8G34ed3o	2026-07-27T06:41:01.553Z	keep=HmMtEEo6axgknbCwqK9342
BIZ-00028	wBnu64oxsRLXEnhUde1i28	2026-07-27T06:40:59.639Z	keep=6ggSYfrzWZv7mp9C3Gn2ck
BIZ-00026	CULWFUR7VKw1N2J7CDTn6q	2026-07-27T06:40:57.604Z	keep=DtanB72BpWkS3wo5fLaKUQ
BIZ-00020	GRpCM2Af4oMqFxce1boFfh	2026-07-27T06:40:55.657Z	keep=MzL8q4m5G83Vm1SmTds4Ys
BIZ-00016	2dVKcD5ncnwavuGV31EUvi	2026-07-27T06:40:53.689Z	keep=8hCk3TmNePrwZuy1LJ9ADj
BIZ-00015	GgytavDAfvUj2gXQBJH2sM	2026-07-27T06:40:51.427Z	keep=kPhFR4wAsgijTvp37N3Ye3
BIZ-00013	vjct1NcoePNHK1MWwshopK	2026-07-27T06:40:49.146Z	keep=G4BPoNfKgW2CqG3NBGviy8
BIZ-00012	pDDJyMNP2Mr9LXXKNSfqNu	2026-07-27T06:40:47.250Z	keep=D5cePLKEwYWNBZgvbRqjxj
BIZ-00009	stofU7RBbidDPSjy4MhRbZ	2026-07-27T06:40:45.259Z	keep=xLhXtKGXsxkPfWTiZc5nRU
BIZ-00001	sRojsLrJq47DtdhsLNFctK	2026-07-27T06:40:43.400Z	keep=fF5c5M5GCMN2p48Ne8thoA
BIZ-00024	jT2ZMdeE6fYccZC2BjJPs1	2026-07-27T06:10:29.731Z	keep=FXN5Y9QApZwzvWqQiaoqeq
BIZ-00022	qhSGdq6MXzKr4ff1gADVk8	2026-07-27T06:10:27.890Z	keep=4P6ECG3jGnrk97uyBtPJT1
BIZ-00018	YfjaRBZ8UezKJBsyXotHzY	2026-07-27T06:10:25.850Z	keep=KMdAVwXhU3Gf2jZfq18bYP
BIZ-00017	FDG2WDefXBwr3Yokm3jNnK	2026-07-27T06:10:24.013Z	keep=fj786LFUSco6qaDDbByVdj
BIZ-00097	3uWYxkZeiev9Jr5RtwWHnC	2026-07-27T05:59:37.910Z	keep=eFN65nnqJfF7xRsaouhCBx
BIZ-00096	74WRWaWe35TcyEgtqBqKSA	2026-07-27T05:59:35.829Z	keep=s8LxnkLJin61Utd7cM5KmC
BIZ-00095	5pmhNTtxyXqRRwYJDZWnyW	2026-07-27T05:59:33.748Z	keep=kEVeZtnofyVsUeHoZyk5i6
BIZ-00094	yiPC5Pzf7XYXiUVCtiHfJm	2026-07-27T05:59:31.854Z	keep=XBV8U4orz4gUp1fZgf9UUe
BIZ-00074	hyFkdVf6qpFZuBTqzkG8HM	2026-07-27T04:43:52.180Z	keep=MTdkvPuRxqNvZSuR3xLsXM
BIZ-00044	nPgeszv7nmmPrRmCBicECs	2026-07-27T04:43:50.132Z	keep=sxevZeYds1CxMz163gmxH1
BIZ-00043	8HVVkxV1enphL5sWAwDShT	2026-07-27T04:43:48.038Z	keep=BvyYeVKqsjfbWFypHY86Te
BIZ-00038	tzgXYcBnizYuwsZfDk31iJ	2026-07-27T04:43:45.214Z	keep=S6aerVsS6enjufF6HzXE3o
BIZ-00036	9KXcad2Rw7ZmrqgWhL4YxW	2026-07-27T04:43:37.298Z	keep=BPy66g4qQTL2rvGdv3XJwf
BIZ-00035	PGWNNEejV9ZYMt4V3gyuSQ	2026-07-27T04:43:35.352Z	keep=USGyHJwyjLYRfA7DacPQZS
BIZ-00034	jXH2eaBmqUGE8MxAeg3r6j	2026-07-27T04:43:33.147Z	keep=HmMtEEo6axgknbCwqK9342
BIZ-00030	5aJ61Qf6fAVDmSXxjMTPC6	2026-07-27T04:43:31.278Z	keep=J7omyi99nC4BUP7fMynDgj
BIZ-00028	X8vmx3Qh3h26Ry8jv7aVdP	2026-07-27T04:43:29.234Z	keep=6ggSYfrzWZv7mp9C3Gn2ck
BIZ-00026	vWuZbnE5XrRPkYpq7UQEkt	2026-07-27T04:43:27.280Z	keep=DtanB72BpWkS3wo5fLaKUQ
BIZ-00025	95bRMDHonrxS8UU7h8jnkL	2026-07-27T04:43:25.279Z	keep=sar9Gq3rHXqWrZCFCcfzEv
BIZ-00024	VD1vDFTgjSypwForyECGEz	2026-07-27T04:43:22.507Z	keep=FXN5Y9QApZwzvWqQiaoqeq
BIZ-00022	epcMYhSQ8pVC6sA31MY6DG	2026-07-27T04:43:20.168Z	keep=4P6ECG3jGnrk97uyBtPJT1
BIZ-00021	vBDCDz7eo5fV1iobLxH1WV	2026-07-27T04:43:18.182Z	keep=WKoUBf1hHTLGFVj3XmCsA9
BIZ-00020	e3RS8RFL9AADwuSS6Z9GFm	2026-07-27T04:43:16.154Z	keep=MzL8q4m5G83Vm1SmTds4Ys
BIZ-00019	28CB44XW2bQKuZYt3WuZTo	2026-07-27T04:43:14.294Z	keep=eNpRppdoFQ7actqo6NBwAd
BIZ-00018	Ni9kyWLacvfbc9FDrrAPLs	2026-07-27T04:43:12.174Z	keep=KMdAVwXhU3Gf2jZfq18bYP
BIZ-00017	gYUHGJcNgDsYKkasMTMQss	2026-07-27T04:43:10.243Z	keep=fj786LFUSco6qaDDbByVdj
BIZ-00016	fGHRumhV7nEKj71u4cRydS	2026-07-27T04:43:07.410Z	keep=8hCk3TmNePrwZuy1LJ9ADj
BIZ-00015	K63abVBgNF1x7xJCtFhQmC	2026-07-27T04:43:05.018Z	keep=kPhFR4wAsgijTvp37N3Ye3
BIZ-00014	NhpczWxbgucFf1TAQ6kQUb	2026-07-27T04:43:03.142Z	keep=iTWMXiGzFNHyEYpeKx2fCd
BIZ-00013	AsEgQxPaeWJshFxu2eWisG	2026-07-27T04:43:00.587Z	keep=G4BPoNfKgW2CqG3NBGviy8
BIZ-00012	qBniLp1dYq6WLZxAh9SEFw	2026-07-27T04:42:58.677Z	keep=D5cePLKEwYWNBZgvbRqjxj
BIZ-00010	cJE2Ryh5iaRWjAPtGzzCoK	2026-07-27T04:42:56.825Z	keep=uutiGEk2RXjeGC1jSkTpwR
BIZ-00009	y5LS13rT3E3F8bAchiqpMx	2026-07-27T04:42:54.652Z	keep=xLhXtKGXsxkPfWTiZc5nRU
BIZ-00008	Hckfpn79eKd318WvbKNcgD	2026-07-27T04:42:52.564Z	keep=pySzWCXHSzG2phddT6cD2h
BIZ-00007	Qo4ykYqrQGJAp4qrUGdCxT	2026-07-27T04:42:50.631Z	keep=Y2EaBSAGwvVnseaSDiog26
BIZ-00005	4Lp2MCzgpz6FKAZUj665Gf	2026-07-27T04:42:48.569Z	keep=LKzbiCxw8EC1GAS5q7wK4N
BIZ-00001	ADCGMmhT1yAzb5huWvN79n	2026-07-27T04:42:46.586Z	keep=fF5c5M5GCMN2p48Ne8thoA
BIZ-00093	KyZfb4ampLkqy98S19dJ8t	2026-07-20T02:50:01.350Z	keep=jqri67stEj5AoSnhqa7bhd
BIZ-00092	yqK5eYATwRYDist3w2Uk9n	2026-07-20T02:49:58.893Z	keep=SfrrVmiGZQXyYWyUP5Shb4
BIZ-00091	63LdbsjjrM2kPaLfWGcG84	2026-07-19T20:02:26.514Z	keep=1mjS4rbaT431xny2JbuamZ
BIZ-00090	qTFF6H69vS75qZAtYPxQD8	2026-07-19T20:02:24.123Z	keep=kwhLhNmjJ5aLoxSLhDiGwp
BIZ-00089	N5AhuJRtkmvBxpACnmauw3	2026-07-19T20:02:20.983Z	keep=fE8s5Ti67gUnzoosxxB4xb
BIZ-00088	xAwBUYDS5GNvasJ88a6b9c	2026-07-19T20:02:19.128Z	keep=XNZ7wsLqbDywadvmezYfK6
BIZ-00087	fDgtLBqtdjJMdx1pSBRrLn	2026-07-19T20:02:16.908Z	keep=cUP174drL7ukiRtmTeDp9x
BIZ-00086	kAsZKJhgrBJoWEfxfT8n8a	2026-07-19T20:02:15.011Z	keep=D2QrrG4k7QkBmBq9ueG9QJ
BIZ-00085	ua8JRGvBUwx6UfUW1jpPqQ	2026-07-19T20:02:12.578Z	keep=CqxW9MMHScBdEMu5xg7pVy
BIZ-00084	SosWVBCAGj1RQHEF6HxUNt	2026-07-19T20:02:10.391Z	keep=AigJwSD583g38kWQ7nCbkD
BIZ-00083	Bk8ZuhxVCNjZ7jTxAdkcGH	2026-07-19T20:02:08.279Z	keep=5C1at6UhFkEp2nrQmAEyvb
BIZ-00082	iHJ9hmu4YDxnxo3cuPrhCo	2026-07-19T20:02:06.354Z	keep=Z62ycX9HsKXMPcxfd7hjUm
BIZ-00081	J1AMoQaV6UFkJCUyx6dvrN	2026-07-19T20:02:04.518Z	keep=gxnG588DuCg3K9KJ7muj7H
BIZ-00080	4eVUxLU9M2ewX37crVrc3q	2026-07-19T20:02:02.675Z	keep=swA8Hrzyp81xnwZecy2SNX
BIZ-00079	2quKc9qdSS3q5jPwiqBBvG	2026-07-19T20:02:00.920Z	keep=4CoMXczGHjjZv6WXf4WgoS
BIZ-00078	tiPR7gceL2cKRxfBeawkNC	2026-07-19T20:01:49.883Z	keep=pfQr1TwicdNtypsZc4NYmc
BIZ-00077	R9H1DZpYpXGYyCvVsEzGBi	2026-07-19T20:01:47.796Z	keep=JdAbhmF1wFrsP8szefRd6w
BIZ-00076	3VndfN8RXkVtY3VEUUJ4JG	2026-07-19T20:01:45.367Z	keep=CqZNmrYGcbEgv7tu1wgkY9
BIZ-00075	ADharcmnoF3uqDGk8mQXXQ	2026-07-19T20:01:43.562Z	keep=Pm1uf3UYTR5XT7Cu6aHVv9
BIZ-00074	x5aVyWmdc5R1RWBMWV74g9	2026-07-19T20:01:41.781Z	keep=MTdkvPuRxqNvZSuR3xLsXM
BIZ-00073	zM73NjNW5mUyj3jgcg6Zv8	2026-07-19T20:01:39.817Z	keep=RZWMdbuduqbPUBCcVpiWfQ
BIZ-00072	FFzTkFjTX192cAseyySmh9	2026-07-19T20:01:37.287Z	keep=LcAXNP86yvQJHuUxqEq2sr
BIZ-00071	jaC5doMyBD28dgR1CcAGCT	2026-07-19T20:01:35.040Z	keep=Tk9JZvx3tv2Ez4DbRmEKVJ
BIZ-00070	p3EpjRhnaMx9wSFTfkoM79	2026-07-19T20:01:32.100Z	keep=YPGCyNGtTnRvhx5FAu1DbZ
BIZ-00064	gY2T6JK9Gyyinu8CmzR9sw	2026-07-17T06:45:35.900Z	keep=t946tST5g1nyVisiRcmzRx
BIZ-00063	MGVSF5BhARpUsDD53k5YeP	2026-07-17T06:45:34.199Z	keep=RXL1ii2766np7Z8wsKotsB
BIZ-00057	EuNQzgnAbN8Lgzt6BEKhkQ	2026-07-17T06:45:24.127Z	keep=hSumgcEe4yZ6hFUWAx9p1z
BIZ-00055	HrvbDEfgEfN7nosdHLNr86	2026-07-17T06:45:20.236Z	keep=yoC2KQRJdV4auBXLugC5nJ
BIZ-00052	kaDdNTP4wktx1uSbL2SHdB	2026-07-17T06:45:14.530Z	keep=25Mg444295no5dHfyHCdyE
BIZ-00052	A6BWWzsxCZC23sA9Z6jbo1	2026-07-17T06:45:12.499Z	keep=25Mg444295no5dHfyHCdyE
BIZ-00051	KBCH4t5hKf1AmexKNpsK1v	2026-07-17T06:45:10.747Z	keep=Hzy7r5d4V5mn14QdTuiLbq
BIZ-00048	bb5Lu7XkzbJW7YtUQWRG6B	2026-07-17T06:44:58.423Z	keep=6tgAwzbrXRn24eDMx29aDA
BIZ-00044	RFTvky7KUzjADPbkVaQ754	2026-07-17T06:44:50.779Z	keep=sxevZeYds1CxMz163gmxH1
BIZ-00043	9Tg7DkXaY6t136CsLnyBTf	2026-07-17T06:44:48.411Z	keep=BvyYeVKqsjfbWFypHY86Te
BIZ-00040	C8yYR1BFRoFVXRnhXrsGsA	2026-07-17T06:44:42.378Z	keep=pcAQ9ZdSQR7jZkCAHa8yJE
BIZ-00038	Lm3rYmbFALWoS7JeP1mVxF	2026-07-17T06:44:38.240Z	keep=S6aerVsS6enjufF6HzXE3o
BIZ-00036	xdtUKwEb3aJPhxMoDUz44Y	2026-07-17T06:44:33.882Z	keep=BPy66g4qQTL2rvGdv3XJwf
BIZ-00035	2b5iXkLmSP71jAyRmG92Xa	2026-07-17T06:44:31.685Z	keep=USGyHJwyjLYRfA7DacPQZS
BIZ-00034	a7xwaRc41Hw6SdJPatAhBt	2026-07-17T06:44:29.786Z	keep=HmMtEEo6axgknbCwqK9342
BIZ-00033	pX8Lq6DDgAkQsCtwJ2ZYrT	2026-07-17T06:44:25.049Z	keep=w1o44udxcAujonv1aQAerV
BIZ-00032	NfeDBi4BoKwhdoCvhpqxfb	2026-07-17T06:44:23.174Z	keep=86CuWs13GmW4qf4NApcDC5
BIZ-00031	XrhHrp6KAJ4idM54aGtNRa	2026-07-17T06:44:21.016Z	keep=CkgxAjvrAhnTNwFJqhT19M
BIZ-00030	DgCGUqq8B67Dvhmge79JFL	2026-07-17T06:44:18.934Z	keep=J7omyi99nC4BUP7fMynDgj
BIZ-00029	Vjd73j6oHuHZQS9fajfXHw	2026-07-17T06:44:16.244Z	keep=zjzU2mxChFCsQvBkCDbPwg
BIZ-00028	dzv4dNqeQcxQ5nB27m4X76	2026-07-17T06:44:13.813Z	keep=6ggSYfrzWZv7mp9C3Gn2ck
BIZ-00027	CNMKzTpohwHHsG7Rx3jEUD	2026-07-17T06:44:11.765Z	keep=ErguBXJikEs2qvVKzrZS9A
BIZ-00026	1QSdWwqGjfMConVKhJZAS2	2026-07-17T06:44:09.680Z	keep=DtanB72BpWkS3wo5fLaKUQ
BIZ-00025	y41VaX4FsStR9uVERuo9NS	2026-07-17T06:44:01.523Z	keep=sar9Gq3rHXqWrZCFCcfzEv
BIZ-00024	4rgsiuuSUkVD2grUoyD5Bn	2026-07-17T06:43:59.369Z	keep=FXN5Y9QApZwzvWqQiaoqeq
BIZ-00023	KrKR9zQAe6EhDwELXmreBm	2026-07-17T06:43:57.552Z	keep=1KXKCTcuvnd7SLFFvVRj1E
BIZ-00022	mGF4mZMzvPQpBwsxoLQJ5E	2026-07-17T06:43:55.913Z	keep=4P6ECG3jGnrk97uyBtPJT1
BIZ-00021	S3Qaym6gHtHnFHgaPiBwLA	2026-07-17T06:43:53.667Z	keep=WKoUBf1hHTLGFVj3XmCsA9
BIZ-00020	SEBXjE7KpLDMWJUDK8Vspt	2026-07-17T06:43:51.990Z	keep=MzL8q4m5G83Vm1SmTds4Ys
BIZ-00019	YkGNgtGD7d2Th8E2vMVqXx	2026-07-17T06:43:49.903Z	keep=eNpRppdoFQ7actqo6NBwAd
BIZ-00018	pJFuBe5uQDhHbCs6bFmfL4	2026-07-17T06:43:47.980Z	keep=KMdAVwXhU3Gf2jZfq18bYP
BIZ-00017	q5sNQSgJMCuza5UZ6DvLRk	2026-07-17T06:43:46.155Z	keep=fj786LFUSco6qaDDbByVdj
BIZ-00016	wqffBamtUytwHB5TWdLCmT	2026-07-17T06:43:44.047Z	keep=8hCk3TmNePrwZuy1LJ9ADj
BIZ-00015	95quFEntAv2Kt8USgtZe58	2026-07-17T06:43:41.846Z	keep=kPhFR4wAsgijTvp37N3Ye3
BIZ-00014	yi8ZKj3nPBkPEGH3JrmZeV	2026-07-17T06:43:39.825Z	keep=iTWMXiGzFNHyEYpeKx2fCd
BIZ-00013	D5XUcKvuWAnS1BgnShwfhX	2026-07-17T06:43:37.971Z	keep=G4BPoNfKgW2CqG3NBGviy8
BIZ-00012	QqBcxQaT6VVr2D35dHXZ6U	2026-07-17T06:43:36.161Z	keep=D5cePLKEwYWNBZgvbRqjxj
BIZ-00011	mSVBr68rMCBdnE1jqvC3n8	2026-07-17T06:43:34.169Z	keep=2YsGP1u1mA63i7ycSV4vqN
BIZ-00010	ooJpmdup7bi3mpVxoEAmJR	2026-07-17T06:43:32.357Z	keep=uutiGEk2RXjeGC1jSkTpwR
BIZ-00009	oPdqRe45V96ASKW7MdSaKm	2026-07-17T06:43:30.331Z	keep=xLhXtKGXsxkPfWTiZc5nRU
BIZ-00008	kFh8EBLeQTgyRuyZ534KwQ	2026-07-17T06:43:28.546Z	keep=pySzWCXHSzG2phddT6cD2h
BIZ-00007	eangbkvscjg1jweBjAvi7S	2026-07-17T06:43:26.841Z	keep=Y2EaBSAGwvVnseaSDiog26
BIZ-00005	gEDui9XAgrwrbuoKUvjfZZ	2026-07-17T06:43:22.203Z	keep=LKzbiCxw8EC1GAS5q7wK4N
BIZ-00002	SksALaQQT3oMcjjLEM62KR	2026-07-17T06:43:16.133Z	keep=EuYL5zRVox1bA6xQCdKdQB
BIZ-00001	35hEKfb7qMELo3YXy9Poht	2026-07-17T06:43:14.113Z	keep=fF5c5M5GCMN2p48Ne8thoA
BIZ-00044	g6X1HNWraxcKMamuUTTWbr	2026-07-12T12:56:16.504Z	keep=sxevZeYds1CxMz163gmxH1
BIZ-00043	u7g6hJTaFAYqtowLUftpaM	2026-07-12T12:56:13.325Z	keep=BvyYeVKqsjfbWFypHY86Te
BIZ-00038	qeg12mgHAE3hnUXADh4H56	2026-07-12T12:56:11.443Z	keep=S6aerVsS6enjufF6HzXE3o
BIZ-00036	rrcVqoSviBh7jXCRWe4tiC	2026-07-12T12:56:09.597Z	keep=BPy66g4qQTL2rvGdv3XJwf
BIZ-00034	G4TFt8gqsEYMAU4GwfoJoG	2026-07-12T12:56:07.495Z	keep=HmMtEEo6axgknbCwqK9342
BIZ-00030	djjDWXrM9vMVRbZNwkvn4g	2026-07-12T12:56:05.680Z	keep=J7omyi99nC4BUP7fMynDgj
BIZ-00028	goz42mA93fmMwA5EuXS3L9	2026-07-12T12:56:03.381Z	keep=6ggSYfrzWZv7mp9C3Gn2ck
BIZ-00026	3kPXAdP4VSmPV6nUSEr6Tu	2026-07-12T12:56:01.354Z	keep=DtanB72BpWkS3wo5fLaKUQ
BIZ-00025	bAiJ9Rrmp8gcPWhhZ3tLj3	2026-07-12T12:55:59.507Z	keep=sar9Gq3rHXqWrZCFCcfzEv
BIZ-00024	egd7HxTkqWvzMgYuSfYFQH	2026-07-12T12:55:57.380Z	keep=FXN5Y9QApZwzvWqQiaoqeq
BIZ-00022	NJ8uTugqgUwgr8HxoY6NwU	2026-07-12T12:55:55.583Z	keep=4P6ECG3jGnrk97uyBtPJT1
BIZ-00021	X5xxvfsDzC9FRyJsQLJZqi	2026-07-12T12:55:53.229Z	keep=WKoUBf1hHTLGFVj3XmCsA9
BIZ-00020	vu3YNgzSzJpWzo454Xorgj	2026-07-12T12:55:51.432Z	keep=MzL8q4m5G83Vm1SmTds4Ys
BIZ-00018	XMVjiJs5ENBZjtcTnAw91D	2026-07-12T12:55:49.536Z	keep=KMdAVwXhU3Gf2jZfq18bYP
BIZ-00017	TBSXQmCrUAqfzRcQdyBqhB	2026-07-12T12:55:47.302Z	keep=fj786LFUSco6qaDDbByVdj
BIZ-00016	3kuWRGsRuNGHhT3LTn7tU8	2026-07-12T12:55:45.240Z	keep=8hCk3TmNePrwZuy1LJ9ADj
BIZ-00015	fRuA9vsm9UwgtY15qTLcWC	2026-07-12T12:55:43.277Z	keep=kPhFR4wAsgijTvp37N3Ye3
BIZ-00013	5kXsjbv9xqZ9TZi7YE7NFk	2026-07-12T12:55:41.163Z	keep=G4BPoNfKgW2CqG3NBGviy8
BIZ-00012	xAJ3guPKjfqt1VHxeT17ps	2026-07-12T12:55:39.436Z	keep=D5cePLKEwYWNBZgvbRqjxj
BIZ-00009	wc3yT6vFZYm65t7RKXuJJD	2026-07-12T12:55:37.243Z	keep=xLhXtKGXsxkPfWTiZc5nRU
BIZ-00005	dCzpdJ56Nqvf96KbBaRAiA	2026-07-12T12:55:35.109Z	keep=LKzbiCxw8EC1GAS5q7wK4N
BIZ-00001	bphyipehQvCfPp3bqSXZ16	2026-07-12T12:55:33.331Z	keep=fF5c5M5GCMN2p48Ne8thoA
BIZ-00069	ZhuMJe1wu2sUCBjDkDMaU1	2026-07-12T12:29:44.038Z	keep=CmS4FD8ByLR7wDdojsBHzs
BIZ-00068	XTPPBwENoSttwrTjYzdLQX	2026-07-12T12:29:41.973Z	keep=dnW9dYi9Ss8PE7asU3NbyT
BIZ-00067	bCitXFNr1cphrKQpJsyfR5	2026-07-12T12:29:40.179Z	keep=qPRqzt14t9cjnQexpy8jZ4
BIZ-00066	JYGcH5jFm4AeZyswWXLUr9	2026-07-12T12:29:32.007Z	keep=137YDnzNZpucc6yuWYgeMg
BIZ-00065	MWuMFvxBTFfYVLjiyrLCvd	2026-07-12T12:29:29.797Z	keep=E9dbdGSgw7AcZYm7NSjAPK
BIZ-00064	ssMQjxMnmYEzhRTiLr2vgL	2026-07-12T12:29:28.071Z	keep=t946tST5g1nyVisiRcmzRx
BIZ-00063	83AJRHHEVuxGx1ghHzTmK6	2026-07-12T12:29:26.252Z	keep=RXL1ii2766np7Z8wsKotsB
BIZ-00051	KpUJ6A3akUjk9w2zEAApAA	2026-07-12T12:29:24.338Z	keep=Hzy7r5d4V5mn14QdTuiLbq
BIZ-00050	pDnDEVghyJqWeXCZfth2h5	2026-07-12T12:29:22.533Z	keep=LysmKnpJ2KwKNq77TRAgyZ
BIZ-00049	pJUev33Qmmfyd16vGFwRKp	2026-07-12T12:29:20.452Z	keep=pLWXyqYcPap6QW51BD67Xd
BIZ-00048	npg6deGRs1vAyPmku71BNn	2026-07-12T12:29:18.617Z	keep=6tgAwzbrXRn24eDMx29aDA
BIZ-00047	N82bMxqem1Gg3MtKFPayxM	2026-07-12T12:29:16.783Z	keep=wXhvR6kzsAcbSfsDCe1TJ2
BIZ-00046	MV98up15vZ1HbQjNP9x796	2026-07-12T12:29:14.106Z	keep=pi8scpt8ige4b5UZ5hsF1o
BIZ-00045	2nNkmwuajm8GLLe8KqnvfJ	2026-07-12T12:29:11.462Z	keep=jsyMfy2VtknP93eDbbUBUA
BIZ-00044	MPooCVikmHXJ3KRC1D8SYC	2026-07-12T12:29:09.432Z	keep=sxevZeYds1CxMz163gmxH1
BIZ-00043	1WwxaYsDPqMNTieckL1hdq	2026-07-12T12:29:07.645Z	keep=BvyYeVKqsjfbWFypHY86Te
BIZ-00042	UWjeJLgMrTHdGB5ob7XSS8	2026-07-12T12:29:05.822Z	keep=sJCBuLCacWb79gY2vvhpsj
BIZ-00041	mzeVKvD9Q37gJr7TWB9y5U	2026-07-12T12:29:03.944Z	keep=he2TUFu5FKoaH1qwyQwpKL
BIZ-00040	e2DfFy3c8qdbTGC7HhB4rV	2026-07-12T12:29:02.062Z	keep=pcAQ9ZdSQR7jZkCAHa8yJE
BIZ-00039	WCPfAJnpzHxcnobvTTXYgf	2026-07-12T12:28:59.998Z	keep=ACDvknCFy4uM9EoT3KxxCs
BIZ-00038	db56wkN4mma2vdFAb1xRZD	2026-07-12T12:28:57.677Z	keep=S6aerVsS6enjufF6HzXE3o
BIZ-00037	fFppPhtxz3SMRcMKYCBY6E	2026-07-12T12:28:55.983Z	keep=2vwzdNsYqjBvaj9j3iq9ue
BIZ-00036	vphqYJ1hM3QoGYaZqRXXJH	2026-07-12T12:28:54.324Z	keep=BPy66g4qQTL2rvGdv3XJwf
BIZ-00035	QHDtuZNM3742yn5hE12aK3	2026-07-12T12:28:52.477Z	keep=USGyHJwyjLYRfA7DacPQZS
BIZ-00034	bXt7v1edAfwb1jzpVf1sF5	2026-07-12T12:28:50.697Z	keep=HmMtEEo6axgknbCwqK9342
BIZ-00033	grMehTaP6KpFCgukKXFZv6	2026-07-12T12:28:48.931Z	keep=w1o44udxcAujonv1aQAerV
BIZ-00032	UKsJrj4gK1iiRKdscSKerz	2026-07-12T12:28:45.942Z	keep=86CuWs13GmW4qf4NApcDC5
BIZ-00031	msAQDSmRQoTonwGBsTsBbF	2026-07-12T12:28:44.084Z	keep=CkgxAjvrAhnTNwFJqhT19M
BIZ-00030	Rft9XNnk9djeSrPfbk5WS7	2026-07-12T12:28:36.375Z	keep=J7omyi99nC4BUP7fMynDgj
BIZ-00029	J7BczGaNqay42dGqr1oEqj	2026-07-12T12:28:34.484Z	keep=zjzU2mxChFCsQvBkCDbPwg
BIZ-00028	kz5dpea5sitb9zJw1iE86f	2026-07-12T12:28:32.707Z	keep=6ggSYfrzWZv7mp9C3Gn2ck
BIZ-00027	jwDXELAUe4KXN2d8ZQUQeX	2026-07-12T12:28:30.184Z	keep=ErguBXJikEs2qvVKzrZS9A
BIZ-00026	cnGRKBBNU5af9E8C5rtu3D	2026-07-12T12:28:28.251Z	keep=DtanB72BpWkS3wo5fLaKUQ
BIZ-00025	vVjbcUrMoeZxbqPcGb1dm5	2026-07-12T12:28:25.751Z	keep=sar9Gq3rHXqWrZCFCcfzEv
BIZ-00024	zTxhoJqtiQrotojew29nDe	2026-07-12T12:28:23.771Z	keep=FXN5Y9QApZwzvWqQiaoqeq
BIZ-00023	GE4Xwra97r7owP92VTpJaM	2026-07-12T12:28:22.074Z	keep=1KXKCTcuvnd7SLFFvVRj1E
BIZ-00022	roDy9Y4xbhr5Rqo3VE6Dje	2026-07-12T12:28:19.874Z	keep=4P6ECG3jGnrk97uyBtPJT1
BIZ-00021	TzVaTqsrfnYy96G9vAtvN7	2026-07-12T12:28:17.363Z	keep=WKoUBf1hHTLGFVj3XmCsA9
BIZ-00020	cM9CRR9cUmcgQuzeTx72Co	2026-07-12T12:28:15.492Z	keep=MzL8q4m5G83Vm1SmTds4Ys
BIZ-00019	NkxeTYe9cjpXRVuzKTrpBC	2026-07-12T12:28:13.699Z	keep=eNpRppdoFQ7actqo6NBwAd
BIZ-00018	ekDSEkWBDFvJMQH4PiLC9h	2026-07-12T12:28:11.723Z	keep=KMdAVwXhU3Gf2jZfq18bYP
BIZ-00017	PeiPanWLXA9FvoZuVkoBEH	2026-07-12T12:28:09.964Z	keep=fj786LFUSco6qaDDbByVdj
BIZ-00016	rKcAZkouEX9ZYs8LTL7afH	2026-07-12T12:28:07.638Z	keep=8hCk3TmNePrwZuy1LJ9ADj
BIZ-00015	D9DzGczcLfmJcHDTAfZJxG	2026-07-12T12:28:05.663Z	keep=kPhFR4wAsgijTvp37N3Ye3
BIZ-00014	EfUKMKiy2e9a9WEWxSLZ5P	2026-07-12T12:28:03.825Z	keep=iTWMXiGzFNHyEYpeKx2fCd
BIZ-00013	qTofa1F8KajUScNfmusZ6a	2026-07-12T12:28:01.335Z	keep=G4BPoNfKgW2CqG3NBGviy8
BIZ-00012	urGbKq4dBfgK7z2rDJFVEN	2026-07-12T12:27:59.314Z	keep=D5cePLKEwYWNBZgvbRqjxj
BIZ-00006	JXztSEeAxovuZWHY3hCdBm	2026-07-12T12:27:57.311Z	keep=tUrPbjSqTRHpjXkAte3JEU
BIZ-00005	ujd2hs8qTwny46EzgrgdES	2026-07-12T12:27:54.928Z	keep=LKzbiCxw8EC1GAS5q7wK4N
BIZ-00004	RM1ohQmSHtcp9VHMwJ6EAL	2026-07-12T12:27:52.935Z	keep=y78NQ7TwBCBUQwHHty4HgZ
BIZ-00003	9BJQ9f1FHXq44uhHc7sC7q	2026-07-12T12:27:51.150Z	keep=gd3q9vewNqB4WrKB1jWWkd
BIZ-00002	W7tNPasrrRro5FAW4qDW6u	2026-07-12T12:27:49.332Z	keep=EuYL5zRVox1bA6xQCdKdQB
BIZ-00001	8DSsUfKm8fXBcbqtxok5td	2026-07-12T12:27:47.223Z	keep=fF5c5M5GCMN2p48Ne8thoA
BIZ-00021	xYojDqWSs7taAYz9KDn4tW	2026-07-12T04:59:06.959Z	keep=WKoUBf1hHTLGFVj3XmCsA9
BIZ-00020	kRmcocUrYrcEPjUGd1q1SW	2026-07-12T04:59:05.181Z	keep=MzL8q4m5G83Vm1SmTds4Ys
BIZ-00019	LMVgY1BMMdEdXmFAcpNcTs	2026-07-12T04:59:03.369Z	keep=eNpRppdoFQ7actqo6NBwAd
BIZ-00017	Pojuq9qABYRdWTBf3XF3cX	2026-07-12T04:59:01.396Z	keep=fj786LFUSco6qaDDbByVdj
BIZ-00016	bj89xxF3tB3REWJUD8vyWv	2026-07-12T04:58:59.322Z	keep=8hCk3TmNePrwZuy1LJ9ADj
BIZ-00015	s6TVudanKpLWgx6zR5yaHt	2026-07-12T04:58:57.564Z	keep=kPhFR4wAsgijTvp37N3Ye3
BIZ-00063	CJ9z8FQi7UM5xyQ2nsr6X2	2026-07-12T04:53:40.150Z	keep=RXL1ii2766np7Z8wsKotsB
BIZ-00028	UNedYD3ummg1yAdhz2NAa8	2026-07-12T04:52:58.115Z	keep=6ggSYfrzWZv7mp9C3Gn2ck
BIZ-00018	XocyvgrdcAHq15q63kwesT	2026-07-12T04:52:45.825Z	keep=KMdAVwXhU3Gf2jZfq18bYP
BIZ-00014	kdUR7oeqE1AfEjhAnUkdVf	2026-07-12T04:52:34.324Z	keep=iTWMXiGzFNHyEYpeKx2fCd
BIZ-00013	dof87X41kVKMqF9BcQtkUy	2026-07-12T04:52:32.314Z	keep=G4BPoNfKgW2CqG3NBGviy8
BIZ-00012	NUzH7oTModWL7bZk2Kg3J7	2026-07-12T04:52:30.076Z	keep=D5cePLKEwYWNBZgvbRqjxj
BIZ-00006	yb9dMCU1Dcp38QgcxihdNy	2026-07-12T04:52:27.806Z	keep=tUrPbjSqTRHpjXkAte3JEU
BIZ-00005	NgxJ8E8ocHkdMVVdjxmSKv	2026-07-12T04:52:25.616Z	keep=LKzbiCxw8EC1GAS5q7wK4N
BIZ-00004	aw1UBMZbvSYiFU3DJTZnaK	2026-07-12T04:52:23.770Z	keep=y78NQ7TwBCBUQwHHty4HgZ
BIZ-00003	bSayesEhFLtGiVjyWwxAFg	2026-07-12T04:52:21.859Z	keep=gd3q9vewNqB4WrKB1jWWkd
BIZ-00002	E7XY5G31AEzgstJuX7Vybt	2026-07-12T04:52:19.363Z	keep=EuYL5zRVox1bA6xQCdKdQB
BIZ-00001	tdbUjyjUPmeH19K11pjnqv	2026-07-12T04:52:17.017Z	keep=fF5c5M5GCMN2p48Ne8thoA
BIZ-00069	pDGXRA6RD4XcpcGkQ6WPEv	2026-07-08T06:29:11.075Z	keep=CmS4FD8ByLR7wDdojsBHzs
BIZ-00067	z8AQRKrDpoHSXpWPTTioXg	2026-07-08T06:29:09.073Z	keep=qPRqzt14t9cjnQexpy8jZ4
BIZ-00041	YK57y3Cz9AjzEFB3xTgvBC	2026-07-08T06:29:07.240Z	keep=he2TUFu5FKoaH1qwyQwpKL
BIZ-00069	Hi5LmWFdfXQrP8zN1Y1Cqd	2026-06-24T16:39:43.495Z	keep=CmS4FD8ByLR7wDdojsBHzs
BIZ-00016	hVWL3Zznt9fkVBvKKfurNy	2026-06-24T01:49:15.817Z	keep=8hCk3TmNePrwZuy1LJ9ADj
BIZ-00010	7thNwVNmzwKYUfQjpZkR9G	2026-06-24T01:49:13.689Z	keep=uutiGEk2RXjeGC1jSkTpwR
BIZ-00068	a9uSJpKQ5KJpm6WQkhDyUK	2026-06-14T01:50:44.838Z	keep=dnW9dYi9Ss8PE7asU3NbyT
BIZ-00067	jG8VeKLDpnLRTYoyjMoJG5	2026-06-14T01:50:42.570Z	keep=qPRqzt14t9cjnQexpy8jZ4
BIZ-00066	ELPHMLmHteCyjb2JFgisSH	2026-06-14T01:50:40.231Z	keep=137YDnzNZpucc6yuWYgeMg
BIZ-00065	hVtvpNhgvPEAYLb23pYzjP	2026-06-14T01:50:37.994Z	keep=E9dbdGSgw7AcZYm7NSjAPK
BIZ-00064	3npiH8EyECTTcagqptZUEk	2026-06-14T01:50:36.002Z	keep=t946tST5g1nyVisiRcmzRx
BIZ-00063	dLxHRwbdRwofxCgKoZnoz4	2026-06-14T01:50:33.611Z	keep=RXL1ii2766np7Z8wsKotsB
BIZ-00062	v2567zjmNoTE8iPfw9twxb	2026-05-26T03:13:26.760Z	keep=fePGbkrTpAt3nrvuifcWRx
BIZ-00061	V64unoVa6cvgiEy6r5zjqS	2026-05-26T03:13:17.370Z	keep=KnmxepKR8zAx475DmsGXQG
BIZ-00015	F7CK1fFFttJrjaZcTQLayi	2026-04-28T03:44:46.413Z	keep=kPhFR4wAsgijTvp37N3Ye3
BIZ-00014	DNq1ezV2VTF8LpY1rwf8jz	2026-04-28T03:44:41.291Z	keep=iTWMXiGzFNHyEYpeKx2fCd
BIZ-00052	9AKJahRZDh8dXzgCnF1cpD	2026-04-28T03:44:06.719Z	keep=25Mg444295no5dHfyHCdyE
BIZ-00051	yWQymU8BVnJgBceuPXtocR	2026-04-28T03:44:04.217Z	keep=Hzy7r5d4V5mn14QdTuiLbq
BIZ-00050	Q6itAVkKvXaXx7JDcQnSoZ	2026-04-28T03:44:01.722Z	keep=LysmKnpJ2KwKNq77TRAgyZ
BIZ-00049	GABWQVexkExWds1Lx4PxWb	2026-04-28T03:43:59.076Z	keep=pLWXyqYcPap6QW51BD67Xd
BIZ-00048	32jENtZ5GBUAF1L9ddx1NS	2026-04-28T03:43:55.414Z	keep=6tgAwzbrXRn24eDMx29aDA
BIZ-00047	9CNgyoPHtaomP1ZWnT3mWY	2026-04-28T03:43:52.938Z	keep=wXhvR6kzsAcbSfsDCe1TJ2
BIZ-00046	JCqSZWuwUNRrSxg1GBhmMR	2026-04-28T03:43:50.665Z	keep=pi8scpt8ige4b5UZ5hsF1o
BIZ-00045	AQpqfnK7LwqwyCUYzVEHXt	2026-04-28T03:43:48.535Z	keep=jsyMfy2VtknP93eDbbUBUA
BIZ-00044	DJxnseMcoU9vyKk7Qnc9Xx	2026-04-28T03:43:45.965Z	keep=sxevZeYds1CxMz163gmxH1
BIZ-00043	xYfA8cfCNzBm8ySQZ9BLgg	2026-04-28T03:43:43.851Z	keep=BvyYeVKqsjfbWFypHY86Te
BIZ-00042	ssAYZ5AdCnAKzBfbD4xXr6	2026-04-28T03:43:41.107Z	keep=sJCBuLCacWb79gY2vvhpsj
BIZ-00041	3pHR68qxZgAq5a5V2Yvdpz	2026-04-28T03:43:38.722Z	keep=he2TUFu5FKoaH1qwyQwpKL
BIZ-00040	ym789aY9RzSrkKz73ux3xF	2026-04-28T03:43:36.487Z	keep=pcAQ9ZdSQR7jZkCAHa8yJE
BIZ-00039	F3NhL1fyv7eTzbQVAKfYy6	2026-04-28T03:43:34.430Z	keep=ACDvknCFy4uM9EoT3KxxCs
BIZ-00038	DBBghDZBaBEsEoRGkeq9Tv	2026-04-28T03:43:32.327Z	keep=S6aerVsS6enjufF6HzXE3o
BIZ-00037	Teb54XaV7BtACveLPgJYx7	2026-04-28T03:43:29.862Z	keep=2vwzdNsYqjBvaj9j3iq9ue
BIZ-00036	wrcz27YkcptCuDjN5FRkYk	2026-04-28T03:43:27.671Z	keep=BPy66g4qQTL2rvGdv3XJwf
BIZ-00035	rcatvsGeAGf7kJs2V9SBqy	2026-04-28T03:43:25.507Z	keep=USGyHJwyjLYRfA7DacPQZS
BIZ-00034	xr1X6QLH4QVSNQf5758XhN	2026-04-28T03:43:23.382Z	keep=HmMtEEo6axgknbCwqK9342
BIZ-00033	XZkUxcr2mSJkVqUjVdSJgN	2026-04-28T03:43:21.203Z	keep=w1o44udxcAujonv1aQAerV
BIZ-00032	1WyegZhVSnfZVQegzeLUNz	2026-04-28T03:43:18.715Z	keep=86CuWs13GmW4qf4NApcDC5
BIZ-00031	xyAiW9J1TJJnZ3d7Tefq74	2026-04-28T03:43:14.690Z	keep=CkgxAjvrAhnTNwFJqhT19M
BIZ-00030	LoNya6dYhiw5XbUgDk7Vbi	2026-04-28T03:43:12.550Z	keep=J7omyi99nC4BUP7fMynDgj
BIZ-00029	6kdPjn98cDE4m5KgHiaZyu	2026-04-28T03:43:10.307Z	keep=zjzU2mxChFCsQvBkCDbPwg
BIZ-00028	6xZEBztED4capS1rSp3hE6	2026-04-28T03:43:08.204Z	keep=6ggSYfrzWZv7mp9C3Gn2ck
BIZ-00027	bAhncQCRBkQfhrTmLwtASE	2026-04-28T03:43:06.140Z	keep=ErguBXJikEs2qvVKzrZS9A
BIZ-00026	ULCjrMpHShUatNnvKqzPwC	2026-04-28T03:43:03.837Z	keep=DtanB72BpWkS3wo5fLaKUQ
BIZ-00025	Q7HkoV2vsFBxiXSX2GZt5b	2026-04-28T03:43:01.496Z	keep=sar9Gq3rHXqWrZCFCcfzEv
BIZ-00024	uCqBHpJD1PJggNQcjz6Xoz	2026-04-28T03:42:59.390Z	keep=FXN5Y9QApZwzvWqQiaoqeq
BIZ-00023	K7hM1k6SiPzc4XQ1PnMiz2	2026-04-28T03:42:57.284Z	keep=1KXKCTcuvnd7SLFFvVRj1E
BIZ-00022	HPHHGa29ykEKyGTfuu3E5T	2026-04-28T03:42:53.403Z	keep=4P6ECG3jGnrk97uyBtPJT1
BIZ-00021	DCtRuorepXKNGVixiU9xf1	2026-04-28T03:42:51.232Z	keep=WKoUBf1hHTLGFVj3XmCsA9
BIZ-00020	xCZBAQyGXpN3GXp1RArw4o	2026-04-28T03:42:48.554Z	keep=MzL8q4m5G83Vm1SmTds4Ys
BIZ-00019	opmrPrKVCeExq8J3GpFPsK	2026-04-28T03:42:46.174Z	keep=eNpRppdoFQ7actqo6NBwAd
BIZ-00018	2QRhp5zYVVBwc3Z1hr72ZX	2026-04-28T03:42:44.178Z	keep=KMdAVwXhU3Gf2jZfq18bYP
BIZ-00017	CKBCPYNkwLahzkV61g5V5o	2026-04-28T03:42:41.878Z	keep=fj786LFUSco6qaDDbByVdj
BIZ-00016	pm7kiYSmXPW7F81TCF4Cyn	2026-04-28T03:42:39.679Z	keep=8hCk3TmNePrwZuy1LJ9ADj
BIZ-00013	umwsUAafiy62EKdoLJ22mE	2026-04-28T03:41:31.070Z	keep=G4BPoNfKgW2CqG3NBGviy8
BIZ-00012	DMdvgrjNHeyAzahcQmpz5Y	2026-04-28T03:41:29.056Z	keep=D5cePLKEwYWNBZgvbRqjxj
BIZ-00011	dzh49YAp6Nge1gcW8JmB8C	2026-04-28T03:41:26.891Z	keep=2YsGP1u1mA63i7ycSV4vqN
BIZ-00010	XyT5CNjUDAswkyjSCxt3Mj	2026-04-28T03:41:24.560Z	keep=uutiGEk2RXjeGC1jSkTpwR
BIZ-00009	jUrhyHmNyxtqYKwyX2RDTh	2026-04-28T03:41:22.414Z	keep=xLhXtKGXsxkPfWTiZc5nRU
BIZ-00008	P8onJNp2B3tLGytZFa29E8	2026-04-28T03:41:19.681Z	keep=pySzWCXHSzG2phddT6cD2h
BIZ-00007	pwj9ECWEqRTanKWcxs3P8E	2026-04-28T03:41:17.589Z	keep=Y2EaBSAGwvVnseaSDiog26
BIZ-00006	qfusuqLWgjMBYzqDo6Jkfw	2026-04-28T03:41:15.415Z	keep=tUrPbjSqTRHpjXkAte3JEU
BIZ-00005	eG6DNBEwraZdmc7JU7ZNiN	2026-04-28T03:41:12.770Z	keep=LKzbiCxw8EC1GAS5q7wK4N
BIZ-00004	gXp4GCfjDqfe93XZgsS9oZ	2026-04-28T03:41:10.324Z	keep=y78NQ7TwBCBUQwHHty4HgZ
BIZ-00003	aagkZv98p3utTsnNm27RUD	2026-04-28T03:41:08.256Z	keep=gd3q9vewNqB4WrKB1jWWkd
BIZ-00002	zt7FhWUBuLywz9VyL5mssH	2026-04-28T03:41:06.084Z	keep=EuYL5zRVox1bA6xQCdKdQB
BIZ-00001	eWTPiBnDguZu7a2Zk69NBp	2026-04-28T03:41:02.744Z	keep=fF5c5M5GCMN2p48Ne8thoA
