BIZ-00068	a9uSJpKQ5KJpm6WQkhDyUK	2026-06-14T01:50:44.838Z	keep=dnW9dYi9Ss8PE7asU3NbyT
BIZ-00067	jG8VeKLDpnLRTYoyjMoJG5	2026-06-14T01:50:42.570Z	keep=qPRqzt14t9cjnQexpy8jZ4
BIZ-00066	ELPHMLmHteCyjb2JFgisSH	2026-06-14T01:50:40.231Z	keep=137YDnzNZpucc6yuWYgeMg
BIZ-00065	hVtvpNhgvPEAYLb23pYzjP	2026-06-14T01:50:37.994Z	keep=E9dbdGSgw7AcZYm7NSjAPK
BIZ-00064	3npiH8EyECTTcagqptZUEk	2026-06-14T01:50:36.002Z	keep=t946tST5g1nyVisiRcmzRx
BIZ-00063	dLxHRwbdRwofxCgKoZnoz4	2026-06-14T01:50:33.611Z	keep=RXL1ii2766np7Z8wsKotsB
BIZ-00062	v2567zjmNoTE8iPfw9twxb	2026-05-26T03:13:26.760Z	keep=fePGbkrTpAt3nrvuifcWRx
BIZ-00061	V64unoVa6cvgiEy6r5zjqS	2026-05-26T03:13:17.370Z	keep=KnmxepKR8zAx475DmsGXQG
BIZ-00015	F7CK1fFFttJrjaZcTQLayi	2026-04-28T03:44:46.413Z	keep=kPhFR4wAsgijTvp37N3Ye3
BIZ-00014	DNq1ezV2VTF8LpY1rwf8jz	2026-04-28T03:44:41.291Z	keep=iTWMXiGzFNHyEYpeKx2fCd
BIZ-00052	9AKJahRZDh8dXzgCnF1cpD	2026-04-28T03:44:06.719Z	keep=25Mg444295no5dHfyHCdyE
BIZ-00051	yWQymU8BVnJgBceuPXtocR	2026-04-28T03:44:04.217Z	keep=Hzy7r5d4V5mn14QdTuiLbq
BIZ-00050	Q6itAVkKvXaXx7JDcQnSoZ	2026-04-28T03:44:01.722Z	keep=LysmKnpJ2KwKNq77TRAgyZ
BIZ-00049	GABWQVexkExWds1Lx4PxWb	2026-04-28T03:43:59.076Z	keep=pLWXyqYcPap6QW51BD67Xd
BIZ-00048	32jENtZ5GBUAF1L9ddx1NS	2026-04-28T03:43:55.414Z	keep=6tgAwzbrXRn24eDMx29aDA
BIZ-00047	9CNgyoPHtaomP1ZWnT3mWY	2026-04-28T03:43:52.938Z	keep=wXhvR6kzsAcbSfsDCe1TJ2
BIZ-00046	JCqSZWuwUNRrSxg1GBhmMR	2026-04-28T03:43:50.665Z	keep=pi8scpt8ige4b5UZ5hsF1o
BIZ-00045	AQpqfnK7LwqwyCUYzVEHXt	2026-04-28T03:43:48.535Z	keep=jsyMfy2VtknP93eDbbUBUA
BIZ-00044	DJxnseMcoU9vyKk7Qnc9Xx	2026-04-28T03:43:45.965Z	keep=sxevZeYds1CxMz163gmxH1
BIZ-00043	xYfA8cfCNzBm8ySQZ9BLgg	2026-04-28T03:43:43.851Z	keep=BvyYeVKqsjfbWFypHY86Te
BIZ-00042	ssAYZ5AdCnAKzBfbD4xXr6	2026-04-28T03:43:41.107Z	keep=sJCBuLCacWb79gY2vvhpsj
BIZ-00041	3pHR68qxZgAq5a5V2Yvdpz	2026-04-28T03:43:38.722Z	keep=he2TUFu5FKoaH1qwyQwpKL
BIZ-00040	ym789aY9RzSrkKz73ux3xF	2026-04-28T03:43:36.487Z	keep=pcAQ9ZdSQR7jZkCAHa8yJE
BIZ-00039	F3NhL1fyv7eTzbQVAKfYy6	2026-04-28T03:43:34.430Z	keep=ACDvknCFy4uM9EoT3KxxCs
BIZ-00038	DBBghDZBaBEsEoRGkeq9Tv	2026-04-28T03:43:32.327Z	keep=S6aerVsS6enjufF6HzXE3o
BIZ-00037	Teb54XaV7BtACveLPgJYx7	2026-04-28T03:43:29.862Z	keep=2vwzdNsYqjBvaj9j3iq9ue
BIZ-00036	wrcz27YkcptCuDjN5FRkYk	2026-04-28T03:43:27.671Z	keep=BPy66g4qQTL2rvGdv3XJwf
BIZ-00035	rcatvsGeAGf7kJs2V9SBqy	2026-04-28T03:43:25.507Z	keep=USGyHJwyjLYRfA7DacPQZS
BIZ-00034	xr1X6QLH4QVSNQf5758XhN	2026-04-28T03:43:23.382Z	keep=HmMtEEo6axgknbCwqK9342
BIZ-00033	XZkUxcr2mSJkVqUjVdSJgN	2026-04-28T03:43:21.203Z	keep=w1o44udxcAujonv1aQAerV
BIZ-00032	1WyegZhVSnfZVQegzeLUNz	2026-04-28T03:43:18.715Z	keep=86CuWs13GmW4qf4NApcDC5
BIZ-00031	xyAiW9J1TJJnZ3d7Tefq74	2026-04-28T03:43:14.690Z	keep=CkgxAjvrAhnTNwFJqhT19M
BIZ-00030	LoNya6dYhiw5XbUgDk7Vbi	2026-04-28T03:43:12.550Z	keep=J7omyi99nC4BUP7fMynDgj
BIZ-00029	6kdPjn98cDE4m5KgHiaZyu	2026-04-28T03:43:10.307Z	keep=zjzU2mxChFCsQvBkCDbPwg
BIZ-00028	6xZEBztED4capS1rSp3hE6	2026-04-28T03:43:08.204Z	keep=6ggSYfrzWZv7mp9C3Gn2ck
BIZ-00027	bAhncQCRBkQfhrTmLwtASE	2026-04-28T03:43:06.140Z	keep=ErguBXJikEs2qvVKzrZS9A
BIZ-00026	ULCjrMpHShUatNnvKqzPwC	2026-04-28T03:43:03.837Z	keep=DtanB72BpWkS3wo5fLaKUQ
BIZ-00025	Q7HkoV2vsFBxiXSX2GZt5b	2026-04-28T03:43:01.496Z	keep=sar9Gq3rHXqWrZCFCcfzEv
BIZ-00024	uCqBHpJD1PJggNQcjz6Xoz	2026-04-28T03:42:59.390Z	keep=FXN5Y9QApZwzvWqQiaoqeq
BIZ-00023	K7hM1k6SiPzc4XQ1PnMiz2	2026-04-28T03:42:57.284Z	keep=1KXKCTcuvnd7SLFFvVRj1E
BIZ-00022	HPHHGa29ykEKyGTfuu3E5T	2026-04-28T03:42:53.403Z	keep=4P6ECG3jGnrk97uyBtPJT1
BIZ-00021	DCtRuorepXKNGVixiU9xf1	2026-04-28T03:42:51.232Z	keep=WKoUBf1hHTLGFVj3XmCsA9
BIZ-00020	xCZBAQyGXpN3GXp1RArw4o	2026-04-28T03:42:48.554Z	keep=MzL8q4m5G83Vm1SmTds4Ys
BIZ-00019	opmrPrKVCeExq8J3GpFPsK	2026-04-28T03:42:46.174Z	keep=eNpRppdoFQ7actqo6NBwAd
BIZ-00018	2QRhp5zYVVBwc3Z1hr72ZX	2026-04-28T03:42:44.178Z	keep=KMdAVwXhU3Gf2jZfq18bYP
BIZ-00017	CKBCPYNkwLahzkV61g5V5o	2026-04-28T03:42:41.878Z	keep=fj786LFUSco6qaDDbByVdj
BIZ-00016	pm7kiYSmXPW7F81TCF4Cyn	2026-04-28T03:42:39.679Z	keep=8hCk3TmNePrwZuy1LJ9ADj
BIZ-00013	umwsUAafiy62EKdoLJ22mE	2026-04-28T03:41:31.070Z	keep=G4BPoNfKgW2CqG3NBGviy8
BIZ-00012	DMdvgrjNHeyAzahcQmpz5Y	2026-04-28T03:41:29.056Z	keep=D5cePLKEwYWNBZgvbRqjxj
BIZ-00011	dzh49YAp6Nge1gcW8JmB8C	2026-04-28T03:41:26.891Z	keep=2YsGP1u1mA63i7ycSV4vqN
BIZ-00010	XyT5CNjUDAswkyjSCxt3Mj	2026-04-28T03:41:24.560Z	keep=uutiGEk2RXjeGC1jSkTpwR
BIZ-00009	jUrhyHmNyxtqYKwyX2RDTh	2026-04-28T03:41:22.414Z	keep=xLhXtKGXsxkPfWTiZc5nRU
BIZ-00008	P8onJNp2B3tLGytZFa29E8	2026-04-28T03:41:19.681Z	keep=pySzWCXHSzG2phddT6cD2h
BIZ-00007	pwj9ECWEqRTanKWcxs3P8E	2026-04-28T03:41:17.589Z	keep=Y2EaBSAGwvVnseaSDiog26
BIZ-00006	qfusuqLWgjMBYzqDo6Jkfw	2026-04-28T03:41:15.415Z	keep=tUrPbjSqTRHpjXkAte3JEU
BIZ-00005	eG6DNBEwraZdmc7JU7ZNiN	2026-04-28T03:41:12.770Z	keep=LKzbiCxw8EC1GAS5q7wK4N
BIZ-00004	gXp4GCfjDqfe93XZgsS9oZ	2026-04-28T03:41:10.324Z	keep=y78NQ7TwBCBUQwHHty4HgZ
BIZ-00003	aagkZv98p3utTsnNm27RUD	2026-04-28T03:41:08.256Z	keep=gd3q9vewNqB4WrKB1jWWkd
BIZ-00002	zt7FhWUBuLywz9VyL5mssH	2026-04-28T03:41:06.084Z	keep=EuYL5zRVox1bA6xQCdKdQB
BIZ-00001	eWTPiBnDguZu7a2Zk69NBp	2026-04-28T03:41:02.744Z	keep=fF5c5M5GCMN2p48Ne8thoA
