CUL-3D28D67B	qnvyLSgKyn1agVBJqghtyG	2026-08-10T07:50:38.546Z	keep=DxmNZuchutN6Hi1SQHZJZj
CUL-EEC72E06	gB6XN8bQZckwkojS7fMYxk	2026-08-10T07:50:34.263Z	keep=Q4muisWL7DTK5HiaBsAgio
CUL-66AA3FD9	PagY3r5FXGd7MZHaZj1FD2	2026-08-10T07:50:32.196Z	keep=DuCEJncamV8g5qfoo3sed1
CUL-66EDE7C6	TCoF8qQcMd4gCxhDd8zMYS	2026-08-10T07:50:30.227Z	keep=NH7eCZV9uq9Bx6Uj75bSB2
CUL-C13B0483	tRWsxBWYwYf3KMbw8tJk1G	2026-08-10T07:50:28.173Z	keep=NvKngx1F8R7K5sjGhC39HA
CUL-9738B2EA	szoBaSP99xGTqopZ3dXLbh	2026-08-10T07:50:25.896Z	keep=h7GJg9QF85UEj2YSR3i4jN
CUL-2F15E066	YHpA3tzXsuPfK4Pn9zbczq	2026-08-10T07:50:24.041Z	keep=nhrm2JZ534UQYaHNMpESg2
CUL-EBD601D2	bUCWiNHdJ2KAfefwp4zcGU	2026-08-10T07:50:22.209Z	keep=A2HyefTxLX3Ws9hbFhFZdu
CUL-CEF9BF70	2QAYY5dSA6R2CUmyJcpm1q	2026-08-10T07:50:20.090Z	keep=1zP6ax3fzkNzzT9aUeGDCz
CUL-1CFF5139	CEJRniKEsZZwzk2BnJAz7q	2026-08-10T07:50:18.153Z	keep=G8Vud6v4C4mwfdQEvRc6TC
CUL-0E82EF6C	3qbKmLKYMr5uf4b8he233S	2026-08-10T07:50:16.095Z	keep=FLjAKXcrYFc54HQrmtJMAB
CUL-0F9D85B2	rmHAdE88jf8WBVxAZQbW2j	2026-04-28T04:18:20.514Z	keep=TdSTzYTcqxGE8Mm4nZJfDq
CUL-A99D7E2E	AUfvG4qdiLhSnNDD1BXcPD	2026-04-28T04:18:07.548Z	keep=JCD6aJtd9ShpjQeiNSTaQr
CUL-B68BBF3B	RJb98RDhc6FeLRiyvPFZi6	2026-04-28T04:17:53.757Z	keep=WULdaPLyuwgvNjRgXk3ndX
CUL-B92FD72A	E6GPgMZACYKL1AJwedaf62	2026-04-28T04:17:49.374Z	keep=XTFJjUp2vQqUuysn2tZkze
CUL-3D28D67B	UZZhz1P23TYFisHeNGGgPC	2026-04-28T04:17:46.830Z	keep=DxmNZuchutN6Hi1SQHZJZj
CUL-F8C4B785	ZZWsqQusjgd36zkrRG5kb4	2026-04-28T04:17:39.108Z	keep=HANtNWZnbRPu3dzF5uJxtc
CUL-4738E778	4ufzLyZvNcgSuUG4HdbdRs	2026-04-28T04:17:36.872Z	keep=cWS1ogDnkY5j5UvmYWXbb7
CUL-EEC72E06	D4WqtSeG5xXacdEWjoPYhX	2026-04-28T04:17:34.520Z	keep=Q4muisWL7DTK5HiaBsAgio
CUL-78BDC775	Vy6ParwLCPsSqHiJQrs7xM	2026-04-28T04:17:32.001Z	keep=PAZdNdedYT59X6T4nRgyV5
CUL-66AA3FD9	ewiTG81T5TK3LLjvnPdGBT	2026-04-28T04:17:29.752Z	keep=DuCEJncamV8g5qfoo3sed1
CUL-66EDE7C6	LNvMn91w57UKGwZeC97sHW	2026-04-28T04:17:27.169Z	keep=NH7eCZV9uq9Bx6Uj75bSB2
CUL-C13B0483	Y2ZcmhwMhvFdhDuasNKmGs	2026-04-28T04:17:24.721Z	keep=NvKngx1F8R7K5sjGhC39HA
CUL-065F46DC	e5dYKTsrLQcbGHTqZAb5yn	2026-04-28T04:17:22.565Z	keep=1iaANcdoy1S7GqFtn9NF2X
CUL-9738B2EA	PMcajt3y8YH6B89FLdTNK7	2026-04-28T04:17:20.250Z	keep=h7GJg9QF85UEj2YSR3i4jN
CUL-2F15E066	V7jtWR54UqbyLe1zXSPXv4	2026-04-28T04:17:18.008Z	keep=nhrm2JZ534UQYaHNMpESg2
CUL-EBD601D2	kpD99iskr3K6qLaAocweHJ	2026-04-28T04:17:15.789Z	keep=A2HyefTxLX3Ws9hbFhFZdu
CUL-CEF9BF70	5gpirNkNyKv1ABbg4BJjN1	2026-04-28T04:17:13.430Z	keep=1zP6ax3fzkNzzT9aUeGDCz
CUL-BA80115F	owBobCfzzRfqtWUdtHSpZi	2026-04-28T04:17:11.038Z	keep=27jYczy2TG8751rbthpp6m
CUL-1CFF5139	Zg6BjD2K96cMRJfJDsPiyW	2026-04-28T04:17:08.968Z	keep=G8Vud6v4C4mwfdQEvRc6TC
CUL-BEF5B8CE	kE7CZhqoj5aRALuM7Bztws	2026-04-28T04:17:06.846Z	keep=YfDm1eTnXkZQWxVZgjMaGR
CUL-0E82EF6C	99bkSuk6H81rL7tCNiFKox	2026-04-28T04:17:04.671Z	keep=FLjAKXcrYFc54HQrmtJMAB
CUL-732EA822	WN5LodBSG7ozLJhBQCpk2j	2026-04-28T04:16:59.903Z	keep=WGEadLSJsU6CS7hQBK3APA
CUL-72BD508A	paN6qZ1yaTGFCYnqWgSVyf	2026-04-28T04:16:57.910Z	keep=vjcYzJUCs9Y2ewwRhBpUnQ
CUL-21B70831	nAbpViA7MWPKEb8ezpSF4M	2026-04-28T04:16:55.805Z	keep=RearZwgj2Lxe2PTPWqGxz3
CUL-905CBDE8	9yYCLjTZ94WeFpiSRrHXXQ	2026-04-28T04:16:53.636Z	keep=sGY3S1UfJE7KPPfxtYbhSH
CUL-DC4EA635	xvv4VKetVi3yBHSJUM9DRD	2026-04-28T04:16:51.394Z	keep=5KGXrGpTaJHwPDDKZe6Qf5
CUL-4C7646A5	jGKLuBLCgMLLtsy1tPRjMv	2026-04-28T04:16:49.227Z	keep=e2oQi1UCog6RoiR1zvbuvD
CUL-B60D00F6	LFZ5JZxse8AbwQx2sUCspX	2026-04-28T04:16:47.258Z	keep=cTASwqARKRsSZ2cLsq4vd2
CUL-6A0BC6CC	dDUhkxRpaKLmwsmn6naYPu	2026-04-28T04:16:44.210Z	keep=4FuqwmmT2s9FVufBcKr2yP
CUL-3A2CD59D	Uxk267QNd5MorkpuLghqkq	2026-04-28T04:15:36.322Z	keep=G7faEawYtoRvAD52VBuCMa
CUL-9E72118C	7af5sktDFsoWmZo6mCDzHD	2026-04-28T04:15:34.213Z	keep=y4KyM3SujDbx1RJm4Rru4X
CUL-8B50B913	xmFnBSLJTvp3RvjHzNqJhQ	2026-04-28T04:15:32.054Z	keep=oHhL1t5EXD4j6D5qUG2zgB
CUL-A2D9EBFF	yGWyDAZgsDopowQwgLyFmU	2026-04-28T04:15:29.867Z	keep=tz6oA9jiTshELspbi32Kvk
CUL-1D834E5A	Zibkz8t8QbTRKMBmUFTTC8	2026-04-28T04:15:27.707Z	keep=ma8M5Hs8RXarCRrHH7iNKE
CUL-6D596907	rBLtzd3ryLwuJUVxcBeosE	2026-04-28T04:15:25.487Z	keep=WK4b8jo55PVDurNrLdES3o
CUL-D508319E	2E8bxitf45fGFcUdhveoSG	2026-04-28T04:15:23.195Z	keep=KTFp1dfE1pj1yNyohABgxV
CUL-0FBABAC4	6MnLSSE5UEe1efE9XVdKrs	2026-04-28T04:15:21.029Z	keep=nxpF6FDTfLUmuYFgi3VwiC
CUL-3913E3E5	FXiqk6o9DRZ4dRv9AwTNPE	2026-04-28T04:15:18.714Z	keep=RbQzXFUiHk4De6B1ucFrU5
